"Akers, David",2011,San Francisco 49ers,44
"Rackers, Neil",2005,Arizona Cardinals,40
"Mare, Olindo",1999,Miami Dolphins,39
"Tucker, Justin",2016,Baltimore Ravens,38
"Tucker, Justin",2013,Baltimore Ravens,38
