"Akers, David",2011,San Francisco 49ers,52
"Knight, Curt",1971,Washington Redskins,49
"Gossett, Bruce",1966,Los Angeles Rams,49
"Marcol, Chester",1972,Green Bay Packers,48
"Ray, David",1973,Los Angeles Rams,47
